
Inactive Modules:
  1) PMIx/4.1.2     4) XZ/5.2.5             7) libpciaccess/0.16
  2) UCC/1.0.0      5) hwloc/2.7.1          8) libxml2/2.9.13
  3) UCX/1.12.1     6) libfabric/1.15.1     9) numactl/2.0.14

Due to MODULEPATH changes, the following have been reloaded:
  1) binutils/2.38     2) libevent/2.1.12     3) zlib/1.2.12

The following have been reloaded with a version change:
  1) GCCcore/11.3.0 => GCCcore/12.2.0

mpi_mm has started with 64 tasks.
Initializing arrays...
Sending 131 rows to task 1 offset=0
Sending 131 rows to task 2 offset=131
Sending 130 rows to task 3 offset=262
Sending 130 rows to task 4 offset=392
Sending 130 rows to task 5 offset=522
Sending 130 rows to task 6 offset=652
Sending 130 rows to task 7 offset=782
Sending 130 rows to task 8 offset=912
Sending 130 rows to task 9 offset=1042
Sending 130 rows to task 10 offset=1172
Sending 130 rows to task 11 offset=1302
Sending 130 rows to task 12 offset=1432
Sending 130 rows to task 13 offset=1562
Sending 130 rows to task 14 offset=1692
Sending 130 rows to task 15 offset=1822
Sending 130 rows to task 16 offset=1952
Sending 130 rows to task 17 offset=2082
Sending 130 rows to task 18 offset=2212
Sending 130 rows to task 19 offset=2342
Sending 130 rows to task 20 offset=2472
Sending 130 rows to task 21 offset=2602
Sending 130 rows to task 22 offset=2732
Sending 130 rows to task 23 offset=2862
Sending 130 rows to task 24 offset=2992
Sending 130 rows to task 25 offset=3122
Sending 130 rows to task 26 offset=3252
Sending 130 rows to task 27 offset=3382
Sending 130 rows to task 28 offset=3512
Sending 130 rows to task 29 offset=3642
Sending 130 rows to task 30 offset=3772
Sending 130 rows to task 31 offset=3902
Sending 130 rows to task 32 offset=4032
Sending 130 rows to task 33 offset=4162
Sending 130 rows to task 34 offset=4292
Sending 130 rows to task 35 offset=4422
Sending 130 rows to task 36 offset=4552
Sending 130 rows to task 37 offset=4682
Sending 130 rows to task 38 offset=4812
Sending 130 rows to task 39 offset=4942
Sending 130 rows to task 40 offset=5072
Sending 130 rows to task 41 offset=5202
Sending 130 rows to task 42 offset=5332
Sending 130 rows to task 43 offset=5462
Sending 130 rows to task 44 offset=5592
Sending 130 rows to task 45 offset=5722
Sending 130 rows to task 46 offset=5852
Sending 130 rows to task 47 offset=5982
Sending 130 rows to task 48 offset=6112
Sending 130 rows to task 49 offset=6242
Sending 130 rows to task 50 offset=6372
Sending 130 rows to task 51 offset=6502
Sending 130 rows to task 52 offset=6632
Sending 130 rows to task 53 offset=6762
Sending 130 rows to task 54 offset=6892
Sending 130 rows to task 55 offset=7022
Sending 130 rows to task 56 offset=7152
Sending 130 rows to task 57 offset=7282
Sending 130 rows to task 58 offset=7412
Sending 130 rows to task 59 offset=7542
Sending 130 rows to task 60 offset=7672
Sending 130 rows to task 61 offset=7802
Sending 130 rows to task 62 offset=7932
Sending 130 rows to task 63 offset=8062
Received results from task 1
Received results from task 2
Received results from task 3
Received results from task 4
Received results from task 5
Received results from task 6
Received results from task 7
Received results from task 8
Received results from task 9
Received results from task 10
Received results from task 11
Received results from task 12
Received results from task 13
Received results from task 14
Received results from task 15
Received results from task 16
Received results from task 17
Received results from task 18
Received results from task 19
Received results from task 20
Received results from task 21
Received results from task 22
Received results from task 23
Received results from task 24
Received results from task 25
Received results from task 26
Received results from task 27
Received results from task 28
Received results from task 29
Received results from task 30
Received results from task 31
Received results from task 32
Received results from task 33
Received results from task 34
Received results from task 35
Received results from task 36
Received results from task 37
Received results from task 38
Received results from task 39
Received results from task 40
Received results from task 41
Received results from task 42
Received results from task 43
Received results from task 44
Received results from task 45
Received results from task 46
Received results from task 47
Received results from task 48
Received results from task 49
Received results from task 50
Received results from task 51
Received results from task 52
Received results from task 53
Received results from task 54
Received results from task 55
Received results from task 56
Received results from task 57
Received results from task 58
Received results from task 59
Received results from task 60
Received results from task 61
Received results from task 62
Received results from task 63
******************************************************
Master Times:
Whole Computation Time: 288.036300 
Master Initialization Time: 0.534079 
Master Send and Receive Time: 287.502182 

******************************************************
******************************************************
Worker Times:
Worker Receive Time Max: 14.387527 
Worker Receive Time Min: 0.723401 
Worker Receive Time Average: 8.702473 
Worker Calculation Time Max: 275.081125 
Worker Calculation Time Min: 232.600785 
Worker Calculation Time Average: 261.348435 
Worker Send Time Max: 39.205636 
Worker Send Time Min: 0.002901 
Worker Send Time Average: 9.950348 

******************************************************
JOBID        NAME                 USER                     PARTITION              NODES  CPUS  STATE        TIME         TIME_LEFT    START_TIME        REASON                   NODELIST
19851097     JobName              jorgeoliver909           short                  2      64    RUNNING      6:22         8:38         2026-09-24T12:50  None                     c[760-761]
