
Inactive Modules:
  1) PMIx/4.1.2     4) XZ/5.2.5             7) libpciaccess/0.16
  2) UCC/1.0.0      5) hwloc/2.7.1          8) libxml2/2.9.13
  3) UCX/1.12.1     6) libfabric/1.15.1     9) numactl/2.0.14

Due to MODULEPATH changes, the following have been reloaded:
  1) binutils/2.38     2) libevent/2.1.12     3) zlib/1.2.12

The following have been reloaded with a version change:
  1) GCCcore/11.3.0 => GCCcore/12.2.0

mpi_mm has started with 64 tasks.
Initializing arrays...
Sending 17 rows to task 1 offset=0
Sending 17 rows to task 2 offset=17
Sending 17 rows to task 3 offset=34
Sending 17 rows to task 4 offset=51
Sending 17 rows to task 5 offset=68
Sending 17 rows to task 6 offset=85
Sending 17 rows to task 7 offset=102
Sending 17 rows to task 8 offset=119
Sending 17 rows to task 9 offset=136
Sending 17 rows to task 10 offset=153
Sending 17 rows to task 11 offset=170
Sending 17 rows to task 12 offset=187
Sending 17 rows to task 13 offset=204
Sending 17 rows to task 14 offset=221
Sending 17 rows to task 15 offset=238
Sending 17 rows to task 16 offset=255
Sending 16 rows to task 17 offset=272
Sending 16 rows to task 18 offset=288
Sending 16 rows to task 19 offset=304
Sending 16 rows to task 20 offset=320
Sending 16 rows to task 21 offset=336
Sending 16 rows to task 22 offset=352
Sending 16 rows to task 23 offset=368
Sending 16 rows to task 24 offset=384
Sending 16 rows to task 25 offset=400
Sending 16 rows to task 26 offset=416
Sending 16 rows to task 27 offset=432
Sending 16 rows to task 28 offset=448
Sending 16 rows to task 29 offset=464
Sending 16 rows to task 30 offset=480
Sending 16 rows to task 31 offset=496
Sending 16 rows to task 32 offset=512
Sending 16 rows to task 33 offset=528
Sending 16 rows to task 34 offset=544
Sending 16 rows to task 35 offset=560
Sending 16 rows to task 36 offset=576
Sending 16 rows to task 37 offset=592
Sending 16 rows to task 38 offset=608
Sending 16 rows to task 39 offset=624
Sending 16 rows to task 40 offset=640
Sending 16 rows to task 41 offset=656
Sending 16 rows to task 42 offset=672
Sending 16 rows to task 43 offset=688
Sending 16 rows to task 44 offset=704
Sending 16 rows to task 45 offset=720
Sending 16 rows to task 46 offset=736
Sending 16 rows to task 47 offset=752
Sending 16 rows to task 48 offset=768
Sending 16 rows to task 49 offset=784
Sending 16 rows to task 50 offset=800
Sending 16 rows to task 51 offset=816
Sending 16 rows to task 52 offset=832
Sending 16 rows to task 53 offset=848
Sending 16 rows to task 54 offset=864
Sending 16 rows to task 55 offset=880
Sending 16 rows to task 56 offset=896
Sending 16 rows to task 57 offset=912
Sending 16 rows to task 58 offset=928
Sending 16 rows to task 59 offset=944
Sending 16 rows to task 60 offset=960
Sending 16 rows to task 61 offset=976
Sending 16 rows to task 62 offset=992
Sending 16 rows to task 63 offset=1008
Received results from task 1
Received results from task 2
Received results from task 3
Received results from task 4
Received results from task 5
Received results from task 6
Received results from task 7
Received results from task 8
Received results from task 9
Received results from task 10
Received results from task 11
Received results from task 12
Received results from task 13
Received results from task 14
Received results from task 15
Received results from task 16
Received results from task 17
Received results from task 18
Received results from task 19
Received results from task 20
Received results from task 21
Received results from task 22
Received results from task 23
Received results from task 24
Received results from task 25
Received results from task 26
Received results from task 27
Received results from task 28
Received results from task 29
Received results from task 30
Received results from task 31
Received results from task 32
Received results from task 33
Received results from task 34
Received results from task 35
Received results from task 36
Received results from task 37
Received results from task 38
Received results from task 39
Received results from task 40
Received results from task 41
Received results from task 42
Received results from task 43
Received results from task 44
Received results from task 45
Received results from task 46
Received results from task 47
Received results from task 48
Received results from task 49
Received results from task 50
Received results from task 51
Received results from task 52
Received results from task 53
Received results from task 54
Received results from task 55
Received results from task 56
Received results from task 57
Received results from task 58
Received results from task 59
Received results from task 60
Received results from task 61
Received results from task 62
Received results from task 63
******************************************************
Master Times:
Whole Computation Time: 0.482402 
Master Initialization Time: 0.008869 
Master Send and Receive Time: 0.473512 

******************************************************
******************************************************
Worker Times:
Worker Receive Time Max: 0.295181 
Worker Receive Time Min: 0.014718 
Worker Receive Time Average: 0.139476 
Worker Calculation Time Max: 0.195774 
Worker Calculation Time Min: 0.131995 
Worker Calculation Time Average: 0.150190 
Worker Send Time Max: 0.022825 
Worker Send Time Min: 0.000085 
Worker Send Time Average: 0.000892 

******************************************************
JOBID        NAME                 USER                     PARTITION              NODES  CPUS  STATE        TIME         TIME_LEFT    START_TIME        REASON                   NODELIST
19851072     JobName              jorgeoliver909           short                  2      64    RUNNING      1:12         13:48        2026-09-24T12:50  None                     c[751-752]
