./mpi_mm: error while loading shared libraries: libpapi.so.7.0: cannot open shared object file: No such file or directory
./mpi_mm: error while loading shared libraries: libpapi.so.7.0: cannot open shared object file: No such file or directory
./mpi_mm: error while loading shared libraries: libpapi.so.7.0: cannot open shared object file: No such file or directory
./mpi_mm: error while loading shared libraries: libpapi.so.7.0: cannot open shared object file: No such file or directory
./mpi_mm: error while loading shared libraries: libpapi.so.7.0: cannot open shared object file: No such file or directory
./mpi_mm: error while loading shared libraries: libpapi.so.7.0: cannot open shared object file: No such file or directory
./mpi_mm: error while loading shared libraries: libpapi.so.7.0: cannot open shared object file: No such file or directory
./mpi_mm: error while loading shared libraries: libpapi.so.7.0: cannot open shared object file: No such file or directory
./mpi_mm: error while loading shared libraries: libpapi.so.7.0: cannot open shared object file: No such file or directory
./mpi_mm: error while loading shared libraries: libpapi.so.7.0: cannot open shared object file: No such file or directory
./mpi_mm: error while loading shared libraries: libpapi.so.7.0: cannot open shared object file: No such file or directory
./mpi_mm: error while loading shared libraries: libpapi.so.7.0: cannot open shared object file: No such file or directory
./mpi_mm: error while loading shared libraries: libpapi.so.7.0: cannot open shared object file: No such file or directory
./mpi_mm: error while loading shared libraries: libpapi.so.7.0: cannot open shared object file: No such file or directory
./mpi_mm: error while loading shared libraries: libpapi.so.7.0: cannot open shared object file: No such file or directory
./mpi_mm: error while loading shared libraries: libpapi.so.7.0: cannot open shared object file: No such file or directory
./mpi_mm: error while loading shared libraries: libpapi.so.7.0: cannot open shared object file: No such file or directory
./mpi_mm: error while loading shared libraries: libpapi.so.7.0: cannot open shared object file: No such file or directory
./mpi_mm: error while loading shared libraries: libpapi.so.7.0: cannot open shared object file: No such file or directory
./mpi_mm: error while loading shared libraries: libpapi.so.7.0: cannot open shared object file: No such file or directory
./mpi_mm: error while loading shared libraries: libpapi.so.7.0: cannot open shared object file: No such file or directory
--------------------------------------------------------------------------
Primary job  terminated normally, but 1 process returned
a non-zero exit code. Per user-direction, the job has been aborted.
--------------------------------------------------------------------------
./mpi_mm: error while loading shared libraries: libpapi.so.7.0: cannot open shared object file: No such file or directory
./mpi_mm: error while loading shared libraries: libpapi.so.7.0: cannot open shared object file: No such file or directory
./mpi_mm: error while loading shared libraries: libpapi.so.7.0: cannot open shared object file: No such file or directory
./mpi_mm: error while loading shared libraries: libpapi.so.7.0: cannot open shared object file: No such file or directory
./mpi_mm: error while loading shared libraries: libpapi.so.7.0: cannot open shared object file: No such file or directory
./mpi_mm: error while loading shared libraries: libpapi.so.7.0: cannot open shared object file: No such file or directory
./mpi_mm: error while loading shared libraries: libpapi.so.7.0: cannot open shared object file: No such file or directory
./mpi_mm: error while loading shared libraries: libpapi.so.7.0: cannot open shared object file: No such file or directory
./mpi_mm: error while loading shared libraries: libpapi.so.7.0: cannot open shared object file: No such file or directory
./mpi_mm: error while loading shared libraries: libpapi.so.7.0: cannot open shared object file: No such file or directory
./mpi_mm: error while loading shared libraries: libpapi.so.7.0: cannot open shared object file: No such file or directory
./mpi_mm: error while loading shared libraries: libpapi.so.7.0: cannot open shared object file: No such file or directory
./mpi_mm: error while loading shared libraries: libpapi.so.7.0: cannot open shared object file: No such file or directory
./mpi_mm: error while loading shared libraries: libpapi.so.7.0: cannot open shared object file: No such file or directory
./mpi_mm: error while loading shared libraries: libpapi.so.7.0: cannot open shared object file: No such file or directory
./mpi_mm: error while loading shared libraries: libpapi.so.7.0: cannot open shared object file: No such file or directory
./mpi_mm: error while loading shared libraries: libpapi.so.7.0: cannot open shared object file: No such file or directory
./mpi_mm: error while loading shared libraries: libpapi.so.7.0: cannot open shared object file: No such file or directory
./mpi_mm: error while loading shared libraries: libpapi.so.7.0: cannot open shared object file: No such file or directory
./mpi_mm: error while loading shared libraries: libpapi.so.7.0: cannot open shared object file: No such file or directory
./mpi_mm: error while loading shared libraries: libpapi.so.7.0: cannot open shared object file: No such file or directory
./mpi_mm: error while loading shared libraries: libpapi.so.7.0: cannot open shared object file: No such file or directory
./mpi_mm: error while loading shared libraries: libpapi.so.7.0: cannot open shared object file: No such file or directory
./mpi_mm: error while loading shared libraries: libpapi.so.7.0: cannot open shared object file: No such file or directory
./mpi_mm: error while loading shared libraries: libpapi.so.7.0: cannot open shared object file: No such file or directory
./mpi_mm: error while loading shared libraries: libpapi.so.7.0: cannot open shared object file: No such file or directory
./mpi_mm: error while loading shared libraries: libpapi.so.7.0: cannot open shared object file: No such file or directory
./mpi_mm: error while loading shared libraries: libpapi.so.7.0: cannot open shared object file: No such file or directory
./mpi_mm: error while loading shared libraries: libpapi.so.7.0: cannot open shared object file: No such file or directory
./mpi_mm: error while loading shared libraries: libpapi.so.7.0: cannot open shared object file: No such file or directory
./mpi_mm: error while loading shared libraries: libpapi.so.7.0: cannot open shared object file: No such file or directory
./mpi_mm: error while loading shared libraries: libpapi.so.7.0: cannot open shared object file: No such file or directory
./mpi_mm: error while loading shared libraries: libpapi.so.7.0: cannot open shared object file: No such file or directory
./mpi_mm: error while loading shared libraries: libpapi.so.7.0: cannot open shared object file: No such file or directory
./mpi_mm: error while loading shared libraries: libpapi.so.7.0: cannot open shared object file: No such file or directory
./mpi_mm: error while loading shared libraries: libpapi.so.7.0: cannot open shared object file: No such file or directory
./mpi_mm: error while loading shared libraries: libpapi.so.7.0: cannot open shared object file: No such file or directory
./mpi_mm: error while loading shared libraries: libpapi.so.7.0: cannot open shared object file: No such file or directory
./mpi_mm: error while loading shared libraries: libpapi.so.7.0: cannot open shared object file: No such file or directory
./mpi_mm: error while loading shared libraries: libpapi.so.7.0: cannot open shared object file: No such file or directory
./mpi_mm: error while loading shared libraries: libpapi.so.7.0: cannot open shared object file: No such file or directory
./mpi_mm: error while loading shared libraries: libpapi.so.7.0: cannot open shared object file: No such file or directory
./mpi_mm: error while loading shared libraries: libpapi.so.7.0: cannot open shared object file: No such file or directory
--------------------------------------------------------------------------
mpirun detected that one or more processes exited with non-zero status, thus causing
the job to be terminated. The first process to do so was:

  Process name: [[48154,1],3]
  Exit code:    127
--------------------------------------------------------------------------
JOBID        NAME                 USER                     PARTITION              NODES  CPUS  STATE        TIME         TIME_LEFT    START_TIME        REASON                   NODELIST
19850899     JobName              jorgeoliver909           short                  2      64    RUNNING      1:03         13:57        2026-09-24T12:41  None                     c[048,056]
