
Due to MODULEPATH changes, the following have been reloaded:
  1) zlib/1.2.12

The following have been reloaded with a version change:
  1) GCC/11.3.0 => GCC/12.2.0             3) binutils/2.38 => binutils/2.39
  2) GCCcore/11.3.0 => GCCcore/12.2.0


Due to MODULEPATH changes, the following have been reloaded:
  1) zlib/1.2.12

The following have been reloaded with a version change:
  1) GCCcore/12.2.0 => GCCcore/11.3.0     2) binutils/2.39 => binutils/2.38


Inactive Modules:
  1) NCCL/2.12.12-CUDA-11.7.0        7) XZ/5.2.5
  2) PMIx/4.1.2                      8) hwloc/2.7.1
  3) UCC-CUDA/1.0.0-CUDA-11.7.0      9) libfabric/1.15.1
  4) UCC/1.0.0                      10) libpciaccess/0.16
  5) UCX-CUDA/1.12.1-CUDA-11.7.0    11) libxml2/2.9.13
  6) UCX/1.12.1                     12) numactl/2.0.14

Due to MODULEPATH changes, the following have been reloaded:
  1) GDRCopy/2.3     2) binutils/2.38     3) libevent/2.1.12     4) zlib/1.2.12

The following have been reloaded with a version change:
  1) GCCcore/11.3.0 => GCCcore/12.2.0

mpi_mm has started with 32 tasks.
Initializing arrays...
Sending 5 rows to task 1 offset=0
Sending 5 rows to task 2 offset=5
Sending 5 rows to task 3 offset=10
Sending 5 rows to task 4 offset=15
Sending 4 rows to task 5 offset=20
Sending 4 rows to task 6 offset=24
Sending 4 rows to task 7 offset=28
Sending 4 rows to task 8 offset=32
Sending 4 rows to task 9 offset=36
Sending 4 rows to task 10 offset=40
Sending 4 rows to task 11 offset=44
Sending 4 rows to task 12 offset=48
Sending 4 rows to task 13 offset=52
Sending 4 rows to task 14 offset=56
Sending 4 rows to task 15 offset=60
Sending 4 rows to task 16 offset=64
Sending 4 rows to task 17 offset=68
Sending 4 rows to task 18 offset=72
Sending 4 rows to task 19 offset=76
Sending 4 rows to task 20 offset=80
Sending 4 rows to task 21 offset=84
Sending 4 rows to task 22 offset=88
Sending 4 rows to task 23 offset=92
Sending 4 rows to task 24 offset=96
Sending 4 rows to task 25 offset=100
Sending 4 rows to task 26 offset=104
Sending 4 rows to task 27 offset=108
Sending 4 rows to task 28 offset=112
Sending 4 rows to task 29 offset=116
Sending 4 rows to task 30 offset=120
Sending 4 rows to task 31 offset=124
Received results from task 1
Received results from task 2
Received results from task 3
Received results from task 4
Received results from task 5
Received results from task 6
Received results from task 7
Received results from task 8
Received results from task 9
Received results from task 10
Received results from task 11
Received results from task 12
Received results from task 13
Received results from task 14
Received results from task 15
Received results from task 16
Received results from task 17
Received results from task 18
Received results from task 19
Received results from task 20
Received results from task 21
Received results from task 22
Received results from task 23
Received results from task 24
Received results from task 25
Received results from task 26
Received results from task 27
Received results from task 28
Received results from task 29
Received results from task 30
Received results from task 31
******************************************************
Master Times:
Whole Computation Time: 0.003660 
Master Initialization Time: 0.000183 
Master Send and Receive Time: 0.003456 

******************************************************
******************************************************
Worker Times:
Worker Receive Time Max: 0.003309 
Worker Receive Time Min: 0.000626 
Worker Receive Time Average: 0.001520 
Worker Calculation Time Max: 0.000318 
Worker Calculation Time Min: 0.000241 
Worker Calculation Time Average: 0.000256 
Worker Send Time Max: 0.000681 
Worker Send Time Min: 0.000019 
Worker Send Time Average: 0.000167 

******************************************************
JOBID        NAME                 USER                     PARTITION              NODES  CPUS  STATE        TIME         TIME_LEFT    START_TIME        REASON                   NODELIST
19824315     JobName              jorgeoliver909           short                  1      32    RUNNING      1:08         13:52        2026-09-23T11:51  None                     c107
