
Due to MODULEPATH changes, the following have been reloaded:
  1) zlib/1.2.12

The following have been reloaded with a version change:
  1) GCC/11.3.0 => GCC/12.2.0             3) binutils/2.38 => binutils/2.39
  2) GCCcore/11.3.0 => GCCcore/12.2.0


Due to MODULEPATH changes, the following have been reloaded:
  1) zlib/1.2.12

The following have been reloaded with a version change:
  1) GCCcore/12.2.0 => GCCcore/11.3.0     2) binutils/2.39 => binutils/2.38


Inactive Modules:
  1) NCCL/2.12.12-CUDA-11.7.0        7) XZ/5.2.5
  2) PMIx/4.1.2                      8) hwloc/2.7.1
  3) UCC-CUDA/1.0.0-CUDA-11.7.0      9) libfabric/1.15.1
  4) UCC/1.0.0                      10) libpciaccess/0.16
  5) UCX-CUDA/1.12.1-CUDA-11.7.0    11) libxml2/2.9.13
  6) UCX/1.12.1                     12) numactl/2.0.14

Due to MODULEPATH changes, the following have been reloaded:
  1) GDRCopy/2.3     2) binutils/2.38     3) libevent/2.1.12     4) zlib/1.2.12

The following have been reloaded with a version change:
  1) GCCcore/11.3.0 => GCCcore/12.2.0

mpi_mm has started with 32 tasks.
Initializing arrays...
Sending 265 rows to task 1 offset=0
Sending 265 rows to task 2 offset=265
Sending 265 rows to task 3 offset=530
Sending 265 rows to task 4 offset=795
Sending 265 rows to task 5 offset=1060
Sending 265 rows to task 6 offset=1325
Sending 265 rows to task 7 offset=1590
Sending 265 rows to task 8 offset=1855
Sending 264 rows to task 9 offset=2120
Sending 264 rows to task 10 offset=2384
Sending 264 rows to task 11 offset=2648
Sending 264 rows to task 12 offset=2912
Sending 264 rows to task 13 offset=3176
Sending 264 rows to task 14 offset=3440
Sending 264 rows to task 15 offset=3704
Sending 264 rows to task 16 offset=3968
Sending 264 rows to task 17 offset=4232
Sending 264 rows to task 18 offset=4496
Sending 264 rows to task 19 offset=4760
Sending 264 rows to task 20 offset=5024
Sending 264 rows to task 21 offset=5288
Sending 264 rows to task 22 offset=5552
Sending 264 rows to task 23 offset=5816
Sending 264 rows to task 24 offset=6080
Sending 264 rows to task 25 offset=6344
Sending 264 rows to task 26 offset=6608
Sending 264 rows to task 27 offset=6872
Sending 264 rows to task 28 offset=7136
Sending 264 rows to task 29 offset=7400
Sending 264 rows to task 30 offset=7664
Sending 264 rows to task 31 offset=7928
Received results from task 1
Received results from task 2
Received results from task 3
Received results from task 4
Received results from task 5
Received results from task 6
Received results from task 7
Received results from task 8
Received results from task 9
Received results from task 10
Received results from task 11
Received results from task 12
Received results from task 13
Received results from task 14
Received results from task 15
Received results from task 16
Received results from task 17
Received results from task 18
Received results from task 19
Received results from task 20
Received results from task 21
Received results from task 22
Received results from task 23
Received results from task 24
Received results from task 25
Received results from task 26
Received results from task 27
Received results from task 28
Received results from task 29
Received results from task 30
Received results from task 31
******************************************************
Master Times:
Whole Computation Time: 550.349314 
Master Initialization Time: 0.543772 
Master Send and Receive Time: 549.805519 

******************************************************
******************************************************
Worker Times:
Worker Receive Time Max: 8.885012 
Worker Receive Time Min: 0.741922 
Worker Receive Time Average: 4.899297 
Worker Calculation Time Max: 543.376178 
Worker Calculation Time Min: 486.119170 
Worker Calculation Time Average: 522.560875 
Worker Send Time Max: 53.455138 
Worker Send Time Min: 0.005872 
Worker Send Time Average: 16.686019 

******************************************************
JOBID        NAME                 USER                     PARTITION              NODES  CPUS  STATE        TIME         TIME_LEFT    START_TIME        REASON                   NODELIST
19849853     JobName              jorgeoliver909           medium                 1      32    RUNNING      10:12        3:04:48      2026-09-24T10:45  None                     c500
