
Due to MODULEPATH changes, the following have been reloaded:
  1) zlib/1.2.12

The following have been reloaded with a version change:
  1) GCC/11.3.0 => GCC/12.2.0             3) binutils/2.38 => binutils/2.39
  2) GCCcore/11.3.0 => GCCcore/12.2.0


Due to MODULEPATH changes, the following have been reloaded:
  1) zlib/1.2.12

The following have been reloaded with a version change:
  1) GCCcore/12.2.0 => GCCcore/11.3.0     2) binutils/2.39 => binutils/2.38


Inactive Modules:
  1) NCCL/2.12.12-CUDA-11.7.0        7) XZ/5.2.5
  2) PMIx/4.1.2                      8) hwloc/2.7.1
  3) UCC-CUDA/1.0.0-CUDA-11.7.0      9) libfabric/1.15.1
  4) UCC/1.0.0                      10) libpciaccess/0.16
  5) UCX-CUDA/1.12.1-CUDA-11.7.0    11) libxml2/2.9.13
  6) UCX/1.12.1                     12) numactl/2.0.14

Due to MODULEPATH changes, the following have been reloaded:
  1) GDRCopy/2.3     2) binutils/2.38     3) libevent/2.1.12     4) zlib/1.2.12

The following have been reloaded with a version change:
  1) GCCcore/11.3.0 => GCCcore/12.2.0

mpi_mm has started with 16 tasks.
Initializing arrays...
Sending 547 rows to task 1 offset=0
Sending 547 rows to task 2 offset=547
Sending 546 rows to task 3 offset=1094
Sending 546 rows to task 4 offset=1640
Sending 546 rows to task 5 offset=2186
Sending 546 rows to task 6 offset=2732
Sending 546 rows to task 7 offset=3278
Sending 546 rows to task 8 offset=3824
Sending 546 rows to task 9 offset=4370
Sending 546 rows to task 10 offset=4916
Sending 546 rows to task 11 offset=5462
Sending 546 rows to task 12 offset=6008
Sending 546 rows to task 13 offset=6554
Sending 546 rows to task 14 offset=7100
Sending 546 rows to task 15 offset=7646
Received results from task 1
Received results from task 2
Received results from task 3
Received results from task 4
Received results from task 5
Received results from task 6
Received results from task 7
Received results from task 8
Received results from task 9
Received results from task 10
Received results from task 11
Received results from task 12
Received results from task 13
Received results from task 14
Received results from task 15
******************************************************
Master Times:
Whole Computation Time: 1058.446423 
Master Initialization Time: 0.505010 
Master Send and Receive Time: 1057.941393 

******************************************************
******************************************************
Worker Times:
Worker Receive Time Max: 3.094876 
Worker Receive Time Min: 0.674217 
Worker Receive Time Average: 1.878803 
Worker Calculation Time Max: 1057.443874 
Worker Calculation Time Min: 1033.101761 
Worker Calculation Time Average: 1040.949804 
Worker Send Time Max: 22.738595 
Worker Send Time Min: 0.012063 
Worker Send Time Average: 14.964633 

******************************************************
JOBID        NAME                 USER                     PARTITION              NODES  CPUS  STATE        TIME         TIME_LEFT    START_TIME        REASON                   NODELIST
19849856     JobName              jorgeoliver909           medium                 1      16    RUNNING      18:38        2:56:22      2026-09-24T10:46  None                     c077
