
Due to MODULEPATH changes, the following have been reloaded:
  1) zlib/1.2.12

The following have been reloaded with a version change:
  1) GCC/11.3.0 => GCC/12.2.0             3) binutils/2.38 => binutils/2.39
  2) GCCcore/11.3.0 => GCCcore/12.2.0


Due to MODULEPATH changes, the following have been reloaded:
  1) zlib/1.2.12

The following have been reloaded with a version change:
  1) GCCcore/12.2.0 => GCCcore/11.3.0     2) binutils/2.39 => binutils/2.38


Inactive Modules:
  1) NCCL/2.12.12-CUDA-11.7.0        7) XZ/5.2.5
  2) PMIx/4.1.2                      8) hwloc/2.7.1
  3) UCC-CUDA/1.0.0-CUDA-11.7.0      9) libfabric/1.15.1
  4) UCC/1.0.0                      10) libpciaccess/0.16
  5) UCX-CUDA/1.12.1-CUDA-11.7.0    11) libxml2/2.9.13
  6) UCX/1.12.1                     12) numactl/2.0.14

Due to MODULEPATH changes, the following have been reloaded:
  1) GDRCopy/2.3     2) binutils/2.38     3) libevent/2.1.12     4) zlib/1.2.12

The following have been reloaded with a version change:
  1) GCCcore/11.3.0 => GCCcore/12.2.0

mpi_mm has started with 16 tasks.
Initializing arrays...
Sending 69 rows to task 1 offset=0
Sending 69 rows to task 2 offset=69
Sending 69 rows to task 3 offset=138
Sending 69 rows to task 4 offset=207
Sending 68 rows to task 5 offset=276
Sending 68 rows to task 6 offset=344
Sending 68 rows to task 7 offset=412
Sending 68 rows to task 8 offset=480
Sending 68 rows to task 9 offset=548
Sending 68 rows to task 10 offset=616
Sending 68 rows to task 11 offset=684
Sending 68 rows to task 12 offset=752
Sending 68 rows to task 13 offset=820
Sending 68 rows to task 14 offset=888
Sending 68 rows to task 15 offset=956
Received results from task 1
Received results from task 2
Received results from task 3
Received results from task 4
Received results from task 5
Received results from task 6
Received results from task 7
Received results from task 8
Received results from task 9
Received results from task 10
Received results from task 11
Received results from task 12
Received results from task 13
Received results from task 14
Received results from task 15
******************************************************
Master Times:
Whole Computation Time: 0.728496 
Master Initialization Time: 0.008237 
Master Send and Receive Time: 0.720240 

******************************************************
******************************************************
Worker Times:
Worker Receive Time Max: 0.050316 
Worker Receive Time Min: 0.011492 
Worker Receive Time Average: 0.030638 
Worker Calculation Time Max: 0.709816 
Worker Calculation Time Min: 0.572219 
Worker Calculation Time Average: 0.622898 
Worker Send Time Max: 0.128374 
Worker Send Time Min: 0.000576 
Worker Send Time Average: 0.071543 

******************************************************
JOBID        NAME                 USER                     PARTITION              NODES  CPUS  STATE        TIME         TIME_LEFT    START_TIME        REASON                   NODELIST
19824312     JobName              jorgeoliver909           short                  1      16    RUNNING      0:57         14:03        2026-09-23T11:50  None                     c491
