
Due to MODULEPATH changes, the following have been reloaded:
  1) zlib/1.2.12

The following have been reloaded with a version change:
  1) GCC/11.3.0 => GCC/12.2.0             3) binutils/2.38 => binutils/2.39
  2) GCCcore/11.3.0 => GCCcore/12.2.0


Due to MODULEPATH changes, the following have been reloaded:
  1) zlib/1.2.12

The following have been reloaded with a version change:
  1) GCCcore/12.2.0 => GCCcore/11.3.0     2) binutils/2.39 => binutils/2.38


Inactive Modules:
  1) NCCL/2.12.12-CUDA-11.7.0        7) XZ/5.2.5
  2) PMIx/4.1.2                      8) hwloc/2.7.1
  3) UCC-CUDA/1.0.0-CUDA-11.7.0      9) libfabric/1.15.1
  4) UCC/1.0.0                      10) libpciaccess/0.16
  5) UCX-CUDA/1.12.1-CUDA-11.7.0    11) libxml2/2.9.13
  6) UCX/1.12.1                     12) numactl/2.0.14

Due to MODULEPATH changes, the following have been reloaded:
  1) GDRCopy/2.3     2) binutils/2.38     3) libevent/2.1.12     4) zlib/1.2.12

The following have been reloaded with a version change:
  1) GCCcore/11.3.0 => GCCcore/12.2.0

--------------------------------------------------------------------------
There are not enough slots available in the system to satisfy the 4
slots that were requested by the application:

  ./mpi_mm

Either request fewer slots for your application, or make more slots
available for use.

A "slot" is the Open MPI term for an allocatable unit where we can
launch a process.  The number of slots available are defined by the
environment in which Open MPI processes are run:

  1. Hostfile, via "slots=N" clauses (N defaults to number of
     processor cores if not provided)
  2. The --host command line parameter, via a ":N" suffix on the
     hostname (N defaults to 1 if not provided)
  3. Resource manager (e.g., SLURM, PBS/Torque, LSF, etc.)
  4. If none of a hostfile, the --host command line parameter, or an
     RM is present, Open MPI defaults to the number of processor cores

In all the above cases, if you want Open MPI to default to the number
of hardware threads instead of the number of processor cores, use the
--use-hwthread-cpus option.

Alternatively, you can use the --oversubscribe option to ignore the
number of available slots when deciding the number of processes to
launch.
--------------------------------------------------------------------------
JOBID        NAME                 USER                     PARTITION              NODES  CPUS  STATE        TIME         TIME_LEFT    START_TIME        REASON                   NODELIST
19823593     JobName              jorgeoliver909           short                  1      2     RUNNING      0:22         14:38        2026-09-23T11:21  None                     c672
